Microchip MPLAB XC8 Compiler V1.36 ()

Linker command line:

-W-3 --edf=C:\Program Files (x86)\Microchip\xc8\v1.36\dat\en_msgs.txt -cs \
  -h+dist/default/production\pong2.X.production.sym \
  --cmf=dist/default/production\pong2.X.production.cmf -z -Q18F24K50 \
  -oC:\Users\tom\AppData\Local\Temp\s9cs.2 \
  -Mdist/default/production/pong2.X.production.map -E1 -ver=XC8 \
  -ASTACK=060h-07ffh -pstack=STACK -ACODE=00h-03FFFh -ACONST=00h-03FFFh \
  -ASMALLCONST=0800h-08FFhx56 -AMEDIUMCONST=0800h-03FFFh -ACOMRAM=01h-05Fh \
  -AABS1=00h-07FFh -ABIGRAM=01h-07FFh -ARAM=060h-0FFh,0100h-01FFhx7 \
  -ABANK0=060h-0FFh -ABANK1=0100h-01FFh -ABANK2=0200h-02FFh \
  -ABANK3=0300h-03FFh -ABANK4=0400h-04FFh -ABANK5=0500h-05FFh \
  -ABANK6=0600h-06FFh -ABANK7=0700h-07FFh -ASFR=0F53h-0F5Fh,0F60h-0FFFh \
  -preset_vec=00h,intcode=08h,intcodelo,powerup,init,end_init \
  -pramtop=0800h -psmallconst=SMALLCONST -pmediumconst=MEDIUMCONST \
  -pconst=CONST -AFARRAM=00h-00h -ACONFIG=0300000h-030000Dh -pconfig=CONFIG \
  -AIDLOC=0200000h-0200007h -pidloc=IDLOC -AEEDATA=0F00000h-0F000FFh \
  -peeprom_data=EEDATA \
  -prdata=COMRAM,nvrram=COMRAM,nvbit=COMRAM,rbss=COMRAM,rbit=COMRAM \
  -pfarbss=FARRAM,fardata=FARRAM,nvFARRAM=FARRAM \
  -pintsave_regs=BIGRAM,bigbss=BIGRAM,bigdata=BIGRAM -pbss=RAM \
  -pidata=CODE,irdata=CODE,ibigdata=CODE,ifardata=CODE -prparam=COMRAM \
  C:\Users\tom\AppData\Local\Temp\s9cs.obj \
  dist/default/production\pong2.X.production.obj 

Object code version is 3.11

Machine type is 18F24K50

Call graph: (short form)




                Name                               Link     Load   Length Selector   Space Scale
C:\Users\tom\AppData\Local\Temp\s9cs.obj
                end_init                            1A0      1A0        4        4       0
                reset_vec                             0        0        4        0       0
                idloc                            200000   200000        8   200000       0
                config                           300000   300000        E   300000       0
dist/default/production\pong2.X.production.obj
                intcode                               8        8      198        4       0
                temp                                 2F       2F        1        1       1
                text19                              3B0      3B0        4        4       0
                text18                              3A6      3A6        6        4       0
                text17                              3AC      3AC        4        4       0
                text16                              3A0      3A0        6        4       0
                text15                              380      380        C        4       0
                text14                              356      356       10        4       0
                text12                              268      268       36        4       0
                text11                              396      396        A        4       0
                text10                              334      334       12        4       0
                text9                               30A      30A       18        4       0
                text8                               38C      38C        A        4       0
                text7                               22A      22A       3E        4       0
                text6                               374      374        C        4       0
                text5                               2F2      2F2       18        4       0
                text4                               322      322       12        4       0
                text3                               366      366        E        4       0
                text2                               2D2      2D2       20        4       0
                text1                               346      346       10        4       0
                text0                               1A4      1A4       86        4       0
                cstackCOMRAM                          1        1       1F        1       1
                dataCOMRAM                           2C       2C        3        1       1
                bssCOMRAM                            20       20        C        1       1
                cinit                               29E      29E       34        4       0
                idataCOMRAM                         3B4      3B4        3        4       0

TOTAL           Name                               Link     Load   Length     Space
        CLASS   STACK          

        CLASS   CODE           
                end_init                            1A0      1A0        4         0
                intcode                               8        8      198         0
                reset_vec                             0        0        4         0
                text19                              3B0      3B0        4         0
                text18                              3A6      3A6        6         0
                text17                              3AC      3AC        4         0
                text16                              3A0      3A0        6         0
                text15                              380      380        C         0
                text14                              356      356       10         0
                text12                              268      268       36         0
                text11                              396      396        A         0
                text10                              334      334       12         0
                text9                               30A      30A       18         0
                text8                               38C      38C        A         0
                text7                               22A      22A       3E         0
                text6                               374      374        C         0
                text5                               2F2      2F2       18         0
                text4                               322      322       12         0
                text3                               366      366        E         0
                text2                               2D2      2D2       20         0
                text1                               346      346       10         0
                text0                               1A4      1A4       86         0
                cinit                               29E      29E       34         0
                idataCOMRAM                         3B4      3B4        3         0

        CLASS   CONST          

        CLASS   SMALLCONST     

        CLASS   MEDIUMCONST    

        CLASS   COMRAM         
                temp                                 2F       2F        1         1
                cstackCOMRAM                          1        1       1F         1
                dataCOMRAM                           2C       2C        3         1
                bssCOMRAM                            20       20        C         1

        CLASS   ABS1           

        CLASS   BIGRAM         

        CLASS   RAM            

        CLASS   BANK0          

        CLASS   BANK1          

        CLASS   BANK2          

        CLASS   BANK3          

        CLASS   BANK4          

        CLASS   BANK5          

        CLASS   BANK6          

        CLASS   BANK7          

        CLASS   SFR            

        CLASS   FARRAM         

        CLASS   CONFIG         
                config                           300000   300000        E         0

        CLASS   IDLOC          
                idloc                            200000   200000        8         0

        CLASS   EEDATA         



SEGMENTS        Name                           Load    Length   Top    Selector   Space  Class

                reset_vec                      000000  000004  000004         0       0  CODE    
                cstackCOMRAM                   000001  00002F  000030         1       1  COMRAM  
                intcode                        000008  0003AF  0003B7         4       0  CODE    
                idloc                          200000  000008  200008    200000       0  IDLOC   
                config                         300000  00000E  30000E    300000       0  CONFIG  


UNUSED ADDRESS RANGES

        Name                Unused          Largest block    Delta
        BANK0            000060-0000FF               A0
        BANK1            000100-0001FF              100
        BANK2            000200-0002FF              100
        BANK3            000300-0003FF              100
        BANK4            000400-0004FF              100
        BANK5            000500-0005FF              100
        BANK6            000600-0006FF              100
        BANK7            000700-0007FF              100
        BIGRAM           000030-0007FF              7D0
        CODE             000004-000007                4
                         0003B7-003FFF             3C49
        COMRAM           000030-00005F               30
        CONST            000004-000007                4
                         0003B7-003FFF             3C49
        EEDATA           F00000-F000FF              100
        MEDIUMCONST      000800-003FFF             3800
        RAM              000060-0007FF              100
        SFR              000F53-000FFF                D
        SMALLCONST       000800-003FFF              100
        STACK            000060-0007FF              7A0

                                  Symbol Table

OpenTimer1@config                     cstackCOMRAM 000017
OpenTimer1@config1                    cstackCOMRAM 000015
Write1USART@data                      cstackCOMRAM 000015
_ADCON0bits                           (abs)        000FC2
_ADCON1bits                           (abs)        000FC1
_ADCON2bits                           (abs)        000FC0
_ADIE                                 (abs)        007CEE
_ADIF                                 (abs)        007CF6
_ADRESH                               (abs)        000FC4
_ADRESL                               (abs)        000FC3
_ANSELBbits                           (abs)        000F5C
_BRGH                                 (abs)        007D62
_CCP2CON                              (abs)        000F97
_CCPR2L                               (abs)        000F90
_CREN                                 (abs)        007D5C
_GIEH                                 (abs)        007F97
_INTCONbits                           (abs)        000FF2
_LATAbits                             (abs)        000F89
_LATC6                                (abs)        007C5E
_LATC7                                (abs)        007C5F
_OSCCONbits                           (abs)        000FD3
_OpenTimer1                           text7        00022A
_PEIE                                 (abs)        007F96
_PIE1bits                             (abs)        000F9D
_PIE3bits                             (abs)        000FA3
_PIR1bits                             (abs)        000F9E
_PIR3bits                             (abs)        000FA4
_PORTC                                (abs)        000F82
_PR2                                  (abs)        000FBB
_PSA                                  (abs)        007EAB
_RTT_received                         bssCOMRAM    000024
_SPBRG                                (abs)        000FAF
_SPEN                                 (abs)        007D5F
_SYNC                                 (abs)        007D64
_T08BIT                               (abs)        007EAE
_T0CS                                 (abs)        007EAD
_T0SE                                 (abs)        007EAC
_T1CON                                (abs)        000FCD
_T1CONbits                            (abs)        000FCD
_T1GCON                               (abs)        000FCC
_T1GCONbits                           (abs)        000FCC
_T2CKPS0                              (abs)        007DD0
_T2CKPS1                              (abs)        007DD1
_TMR0H                                (abs)        000FD7
_TMR0L                                (abs)        000FD6
_TMR0ON                               (abs)        007EAF
_TMR1H                                (abs)        000FCF
_TMR1L                                (abs)        000FCE
_TMR1ON                               (abs)        007E68
_TMR2ON                               (abs)        007DD2
_TRISAbits                            (abs)        000F92
_TRISBbits                            (abs)        000F93
_TRISC1                               (abs)        007CA1
_TRISC6                               (abs)        007CA6
_TRISC7                               (abs)        007CA7
_TXEN                                 (abs)        007D65
_TXREG1                               (abs)        000FAD
_TXSTA1bits                           (abs)        000FAC
_USART1_Status                        bssCOMRAM    000025
_Write1USART                          text4        000322
__CFG_DEBUG$OFF                       (abs)        000000
__CFG_FOSC$INTOSCIO                   (abs)        000000
__CFG_LVP$OFF                         (abs)        000000
__CFG_MCLRE$ON                        (abs)        000000
__CFG_PBADEN$OFF                      (abs)        000000
__CFG_WDTEN$OFF                       (abs)        000000
__HRAM                                (abs)        000000
__Habs1                               abs1         000000
__Hbank0                              bank0        000000
__Hbank1                              bank1        000000
__Hbank2                              bank2        000000
__Hbank3                              bank3        000000
__Hbank4                              bank4        000000
__Hbank5                              bank5        000000
__Hbank6                              bank6        000000
__Hbank7                              bank7        000000
__Hbigbss                             bigbss       000000
__Hbigdata                            bigdata      000000
__Hbigram                             bigram       000000
__Hbss                                bss          000000
__HbssCOMRAM                          bssCOMRAM    000000
__Hcinit                              cinit        000000
__Hclrtext                            clrtext      000000
__Hcomram                             comram       000000
__Hconfig                             config       30000E
__Hconst                              const        000000
__HcstackCOMRAM                       cstackCOMRAM 000000
__Hdata                               data         000000
__HdataCOMRAM                         dataCOMRAM   000000
__Heeprom_data                        eeprom_data  000000
__Hend_init                           end_init     0001A4
__Hfarbss                             farbss       000000
__Hfardata                            fardata      000000
__Hibigdata                           ibigdata     000000
__Hidata                              idata        000000
__HidataCOMRAM                        idataCOMRAM  000000
__Hidloc                              idloc        200008
__Hifardata                           ifardata     000000
__Hinit                               init         0001A0
__Hintcode                            intcode      0001A0
__Hintcode_body                       intcode_body 000000
__Hintcodelo                          intcodelo    0001A0
__Hintentry                           intentry     000000
__Hintret                             intret       000000
__Hintsave_regs                       intsave_regs 000000
__Hirdata                             irdata       000000
__Hmediumconst                        mediumconst  000000
__HnvFARRAM                           nvFARRAM     000000
__Hnvbit                              nvbit        000000
__Hnvrram                             nvrram       000000
__Hparam                              rparam       000000
__Hpowerup                            powerup      0001A0
__Hram                                ram          000000
__Hramtop                             ramtop       000800
__Hrbit                               rbit         000000
__Hrbss                               rbss         000000
__Hrdata                              rdata        000000
__Hreset_vec                          reset_vec    000004
__Hrparam                             rparam       000000
__Hsfr                                sfr          000000
__Hsmallconst                         smallconst   000000
__Hspace_0                            (abs)        30000E
__Hspace_1                            (abs)        000030
__Hspace_2                            (abs)        000000
__Hstack                              stack        000000
__Hstruct                             struct       000000
__Htemp                               temp         000030
__Htext                               text         000000
__Htext0                              text0        000000
__Htext1                              text1        000000
__Htext10                             text10       000000
__Htext11                             text11       000000
__Htext12                             text12       000000
__Htext14                             text14       000000
__Htext15                             text15       000000
__Htext16                             text16       000000
__Htext17                             text17       000000
__Htext18                             text18       000000
__Htext19                             text19       000000
__Htext2                              text2        000000
__Htext3                              text3        000000
__Htext4                              text4        000000
__Htext5                              text5        000000
__Htext6                              text6        000000
__Htext7                              text7        000000
__Htext8                              text8        000000
__Htext9                              text9        000000
__LRAM                                (abs)        000001
__Labs1                               abs1         000000
__Lbank0                              bank0        000000
__Lbank1                              bank1        000000
__Lbank2                              bank2        000000
__Lbank3                              bank3        000000
__Lbank4                              bank4        000000
__Lbank5                              bank5        000000
__Lbank6                              bank6        000000
__Lbank7                              bank7        000000
__Lbigbss                             bigbss       000000
__Lbigdata                            bigdata      000000
__Lbigram                             bigram       000000
__Lbss                                bss          000000
__LbssCOMRAM                          bssCOMRAM    000000
__Lcinit                              cinit        000000
__Lclrtext                            clrtext      000000
__Lcomram                             comram       000000
__Lconfig                             config       300000
__Lconst                              const        000000
__LcstackCOMRAM                       cstackCOMRAM 000000
__Ldata                               data         000000
__LdataCOMRAM                         dataCOMRAM   000000
__Leeprom_data                        eeprom_data  000000
__Lend_init                           end_init     0001A0
__Lfarbss                             farbss       000000
__Lfardata                            fardata      000000
__Libigdata                           ibigdata     000000
__Lidata                              idata        000000
__LidataCOMRAM                        idataCOMRAM  000000
__Lidloc                              idloc        200000
__Lifardata                           ifardata     000000
__Linit                               init         0001A0
__Lintcode                            intcode      000008
__Lintcode_body                       intcode_body 000000
__Lintcodelo                          intcodelo    0001A0
__Lintentry                           intentry     000000
__Lintret                             intret       000000
__Lintsave_regs                       intsave_regs 000000
__Lirdata                             irdata       000000
__Lmediumconst                        mediumconst  000000
__LnvFARRAM                           nvFARRAM     000000
__Lnvbit                              nvbit        000000
__Lnvrram                             nvrram       000000
__Lparam                              rparam       000000
__Lpowerup                            powerup      0001A0
__Lram                                ram          000000
__Lramtop                             ramtop       000800
__Lrbit                               rbit         000000
__Lrbss                               rbss         000000
__Lrdata                              rdata        000000
__Lreset_vec                          reset_vec    000000
__Lrparam                             rparam       000000
__Lsfr                                sfr          000000
__Lsmallconst                         smallconst   000000
__Lspace_0                            (abs)        000000
__Lspace_1                            (abs)        000000
__Lspace_2                            (abs)        000000
__Lstack                              stack        000000
__Lstruct                             struct       000000
__Ltemp                               temp         00002F
__Ltext                               text         000000
__Ltext0                              text0        000000
__Ltext1                              text1        000000
__Ltext10                             text10       000000
__Ltext11                             text11       000000
__Ltext12                             text12       000000
__Ltext14                             text14       000000
__Ltext15                             text15       000000
__Ltext16                             text16       000000
__Ltext17                             text17       000000
__Ltext18                             text18       000000
__Ltext19                             text19       000000
__Ltext2                              text2        000000
__Ltext3                              text3        000000
__Ltext4                              text4        000000
__Ltext5                              text5        000000
__Ltext6                              text6        000000
__Ltext7                              text7        000000
__Ltext8                              text8        000000
__Ltext9                              text9        000000
__S0                                  (abs)        30000E
__S1                                  (abs)        000030
__S2                                  (abs)        000000
___inthi_sp                           stack        000000
___intlo_sp                           stack        000000
___param_bank                         (abs)        000010
___rparam_used                        (abs)        000001
___sp                                 stack        000000
__accesstop                           (abs)        000060
__activetblptr                        (abs)        000000
__end_of_OpenTimer1                   text7        000268
__end_of_Write1USART                  text4        000334
__end_of__initialization              cinit        0002C8
__end_of_initADCON                    text12       00029E
__end_of_initLedPorts                 text11       0003A0
__end_of_initOscillator               text10       000346
__end_of_initPWM                      text9        000322
__end_of_initTMR0                     text8        000396
__end_of_initTMR1                     text6        000380
__end_of_initUART                     text5        00030A
__end_of_interrupt_service_routine    intcode      0001A0
__end_of_main                         text0        00022A
__end_of_putc_when_ready              text3        000374
__end_of_send_coord                   text2        0002F2
__end_of_startADC                     text19       0003B4
__end_of_startPWM                     text18       0003AC
__end_of_startTMR0For1kHz             text1        000356
__end_of_startTimer1                  text17       0003B0
__end_of_stopPWM                      text16       0003A6
__end_of_stopTimer1                   text15       00038C
__end_ofi2_startTMR0For1kHz           text14       000366
__initialization                      cinit        00029E
__mediumconst                         mediumconst  000000
__pbssCOMRAM                          bssCOMRAM    000020
__pcinit                              cinit        00029E
__pcstackCOMRAM                       cstackCOMRAM 000001
__pdataCOMRAM                         dataCOMRAM   00002C
__pidataCOMRAM                        idataCOMRAM  0003B4
__pintcode                            intcode      000008
__ptext0                              text0        0001A4
__ptext1                              text1        000346
__ptext10                             text10       000334
__ptext11                             text11       000396
__ptext12                             text12       000268
__ptext14                             text14       000356
__ptext15                             text15       000380
__ptext16                             text16       0003A0
__ptext17                             text17       0003AC
__ptext18                             text18       0003A6
__ptext19                             text19       0003B0
__ptext2                              text2        0002D2
__ptext3                              text3        000366
__ptext4                              text4        000322
__ptext5                              text5        0002F2
__ptext6                              text6        000374
__ptext7                              text7        00022A
__ptext8                              text8        00038C
__ptext9                              text9        00030A
__ramtop                              ramtop       000800
__size_of_OpenTimer1                  (abs)        000000
__size_of_Write1USART                 (abs)        000000
__size_of_initADCON                   (abs)        000000
__size_of_initLedPorts                (abs)        000000
__size_of_initOscillator              (abs)        000000
__size_of_initPWM                     (abs)        000000
__size_of_initTMR0                    (abs)        000000
__size_of_initTMR1                    (abs)        000000
__size_of_initUART                    (abs)        000000
__size_of_interrupt_service_routine   (abs)        000000
__size_of_main                        (abs)        000000
__size_of_putc_when_ready             (abs)        000000
__size_of_send_coord                  (abs)        000000
__size_of_startADC                    (abs)        000000
__size_of_startPWM                    (abs)        000000
__size_of_startTMR0For1kHz            (abs)        000000
__size_of_startTimer1                 (abs)        000000
__size_of_stopPWM                     (abs)        000000
__size_of_stopTimer1                  (abs)        000000
__size_ofi2_startTMR0For1kHz          (abs)        000000
__smallconst                          smallconst   000000
_blocking_sensors                     bssCOMRAM    000026
_counter                              bssCOMRAM    000020
_initADCON                            text12       000268
_initLedPorts                         text11       000396
_initOscillator                       text10       000334
_initPWM                              text9        00030A
_initTMR0                             text8        00038C
_initTMR1                             text6        000374
_initUART                             text5        0002F2
_interrupt_service_routine            intcode      000008
_listening                            bssCOMRAM    000027
_main                                 text0        0001A4
_mode                                 dataCOMRAM   00002C
_no_RTT_counter                       bssCOMRAM    000028
_notSentToUART                        dataCOMRAM   00002D
_ping_send                            bssCOMRAM    000029
_putc_when_ready                      text3        000366
_send_coord                           text2        0002D2
_send_ping                            dataCOMRAM   00002E
_sensor1_RTT_high                     bssCOMRAM    00002A
_sensor1_RTT_low                      bssCOMRAM    00002B
_startADC                             text19       0003B0
_startPWM                             text18       0003A6
_startTMR0For1kHz                     text1        000346
_startTimer1                          text17       0003AC
_stopPWM                              text16       0003A0
_stopTimer1                           text15       000380
_tmr0_counter                         bssCOMRAM    000022
btemp                                 temp         00002F
end_of_initialization                 cinit        0002C8
i2_startTMR0For1kHz                   text14       000356
int$flags                             temp         00002F
interrupt_service_routine@sensor1_val cstackCOMRAM 000013
intlevel0                             text         000000
intlevel1                             text         000000
intlevel2                             text         000000
intlevel3                             text         000000
main@fetched_sensor1_RTT              cstackCOMRAM 00001E
main@readyForUART                     cstackCOMRAM 00001D
putc_when_ready@c                     cstackCOMRAM 000016
send_coord@x_cm                       cstackCOMRAM 000017
send_coord@y_cm                       cstackCOMRAM 000019
stackhi                               (abs)        0007FF
stacklo                               (abs)        000060
start                                 init         0001A0
start_initialization                  cinit        00029E


FUNCTION INFORMATION:

 *************** function _main *****************
 Defined at:
		line 231 in file "main.c"
 Parameters:    Size  Location     Type
		None
 Auto vars:     Size  Location     Type
  fetched_sens    2   29[COMRAM] int 
  readyForUART    1   28[COMRAM] unsigned char 
 Return value:  Size  Location     Type
                  1    wreg      void 
 Registers used:
		wreg, status,2, status,0, cstack
 Tracked objects:
		On entry : 
		On exit  : 
		Unchanged: 
 Data sizes:     COMRAM   BANK0   BANK1   BANK2   BANK3   BANK4   BANK5   BANK6   BANK7
      Params:         0       0       0       0       0       0       0       0       0
      Locals:         3       0       0       0       0       0       0       0       0
      Temps:          2       0       0       0       0       0       0       0       0
      Totals:         5       0       0       0       0       0       0       0       0
Total ram usage:        5 bytes
 Hardware stack levels required when called:    5
 This function calls:
		_initADCON
		_initLedPorts
		_initOscillator
		_initPWM
		_initTMR0
		_initTMR1
		_initUART
		_send_coord
		_startTMR0For1kHz
 This function is called by:
		Startup code after reset
 This function uses a non-reentrant model


 *************** function _startTMR0For1kHz *****************
 Defined at:
		line 12 in file "custom_timer.c"
 Parameters:    Size  Location     Type
		None
 Auto vars:     Size  Location     Type
		None
 Return value:  Size  Location     Type
                  1    wreg      void 
 Registers used:
		wreg, status,2
 Tracked objects:
		On entry : 
		On exit  : 
		Unchanged: 
 Data sizes:     COMRAM   BANK0   BANK1   BANK2   BANK3   BANK4   BANK5   BANK6   BANK7
      Params:         0       0       0       0       0       0       0       0       0
      Locals:         0       0       0       0       0       0       0       0       0
      Temps:          0       0       0       0       0       0       0       0       0
      Totals:         0       0       0       0       0       0       0       0       0
Total ram usage:        0 bytes
 Hardware stack levels used:    1
 Hardware stack levels required when called:    2
 This function calls:
		Nothing
 This function is called by:
		_main
 This function uses a non-reentrant model


 *************** function _send_coord *****************
 Defined at:
		line 25 in file "protocol.c"
 Parameters:    Size  Location     Type
  x_cm            2   22[COMRAM] unsigned int 
  y_cm            2   24[COMRAM] unsigned int 
 Auto vars:     Size  Location     Type
		None
 Return value:  Size  Location     Type
                  1    wreg      void 
 Registers used:
		wreg, status,2, cstack
 Tracked objects:
		On entry : 
		On exit  : 
		Unchanged: 
 Data sizes:     COMRAM   BANK0   BANK1   BANK2   BANK3   BANK4   BANK5   BANK6   BANK7
      Params:         4       0       0       0       0       0       0       0       0
      Locals:         0       0       0       0       0       0       0       0       0
      Temps:          0       0       0       0       0       0       0       0       0
      Totals:         4       0       0       0       0       0       0       0       0
Total ram usage:        4 bytes
 Hardware stack levels used:    1
 Hardware stack levels required when called:    4
 This function calls:
		_putc_when_ready
 This function is called by:
		_main
 This function uses a non-reentrant model


 *************** function _putc_when_ready *****************
 Defined at:
		line 20 in file "protocol.c"
 Parameters:    Size  Location     Type
  c               1    wreg     unsigned char 
 Auto vars:     Size  Location     Type
  c               1   21[COMRAM] unsigned char 
 Return value:  Size  Location     Type
                  1    wreg      void 
 Registers used:
		wreg, status,2, cstack
 Tracked objects:
		On entry : 
		On exit  : 
		Unchanged: 
 Data sizes:     COMRAM   BANK0   BANK1   BANK2   BANK3   BANK4   BANK5   BANK6   BANK7
      Params:         0       0       0       0       0       0       0       0       0
      Locals:         1       0       0       0       0       0       0       0       0
      Temps:          0       0       0       0       0       0       0       0       0
      Totals:         1       0       0       0       0       0       0       0       0
Total ram usage:        1 bytes
 Hardware stack levels used:    1
 Hardware stack levels required when called:    3
 This function calls:
		_Write1USART
 This function is called by:
		_send_coord
		_send_debug_nchar
		_send_debug
 This function uses a non-reentrant model


 *************** function _Write1USART *****************
 Defined at:
		line 14 in file "C:\Program Files (x86)\Microchip\xc8\v1.36\sources\pic18\plib\USART\u1write.c"
 Parameters:    Size  Location     Type
  data            1    wreg     unsigned char 
 Auto vars:     Size  Location     Type
  data            1   20[COMRAM] unsigned char 
 Return value:  Size  Location     Type
                  1    wreg      void 
 Registers used:
		wreg
 Tracked objects:
		On entry : 
		On exit  : 
		Unchanged: 
 Data sizes:     COMRAM   BANK0   BANK1   BANK2   BANK3   BANK4   BANK5   BANK6   BANK7
      Params:         0       0       0       0       0       0       0       0       0
      Locals:         1       0       0       0       0       0       0       0       0
      Temps:          0       0       0       0       0       0       0       0       0
      Totals:         1       0       0       0       0       0       0       0       0
Total ram usage:        1 bytes
 Hardware stack levels used:    1
 Hardware stack levels required when called:    2
 This function calls:
		Nothing
 This function is called by:
		_putc_when_ready
 This function uses a non-reentrant model


 *************** function _initUART *****************
 Defined at:
		line 50 in file "protocol.c"
 Parameters:    Size  Location     Type
		None
 Auto vars:     Size  Location     Type
		None
 Return value:  Size  Location     Type
                  1    wreg      void 
 Registers used:
		wreg, status,2
 Tracked objects:
		On entry : 
		On exit  : 
		Unchanged: 
 Data sizes:     COMRAM   BANK0   BANK1   BANK2   BANK3   BANK4   BANK5   BANK6   BANK7
      Params:         0       0       0       0       0       0       0       0       0
      Locals:         0       0       0       0       0       0       0       0       0
      Temps:          0       0       0       0       0       0       0       0       0
      Totals:         0       0       0       0       0       0       0       0       0
Total ram usage:        0 bytes
 Hardware stack levels used:    1
 Hardware stack levels required when called:    2
 This function calls:
		Nothing
 This function is called by:
		_main
 This function uses a non-reentrant model


 *************** function _initTMR1 *****************
 Defined at:
		line 134 in file "main.c"
 Parameters:    Size  Location     Type
		None
 Auto vars:     Size  Location     Type
		None
 Return value:  Size  Location     Type
                  1    wreg      void 
 Registers used:
		wreg, status,2, status,0, cstack
 Tracked objects:
		On entry : 
		On exit  : 
		Unchanged: 
 Data sizes:     COMRAM   BANK0   BANK1   BANK2   BANK3   BANK4   BANK5   BANK6   BANK7
      Params:         0       0       0       0       0       0       0       0       0
      Locals:         0       0       0       0       0       0       0       0       0
      Temps:          0       0       0       0       0       0       0       0       0
      Totals:         0       0       0       0       0       0       0       0       0
Total ram usage:        0 bytes
 Hardware stack levels used:    1
 Hardware stack levels required when called:    3
 This function calls:
		_OpenTimer1
 This function is called by:
		_main
 This function uses a non-reentrant model


 *************** function _OpenTimer1 *****************
 Defined at:
		line 43 in file "C:\Program Files (x86)\Microchip\xc8\v1.36\sources\pic18\plib\Timers\t1open.c"
 Parameters:    Size  Location     Type
  config          1    wreg     unsigned char 
  config1         1   20[COMRAM] unsigned char 
 Auto vars:     Size  Location     Type
  config          1   22[COMRAM] unsigned char 
 Return value:  Size  Location     Type
                  1    wreg      void 
 Registers used:
		wreg, status,2, status,0
 Tracked objects:
		On entry : 
		On exit  : 
		Unchanged: 
 Data sizes:     COMRAM   BANK0   BANK1   BANK2   BANK3   BANK4   BANK5   BANK6   BANK7
      Params:         1       0       0       0       0       0       0       0       0
      Locals:         1       0       0       0       0       0       0       0       0
      Temps:          1       0       0       0       0       0       0       0       0
      Totals:         3       0       0       0       0       0       0       0       0
Total ram usage:        3 bytes
 Hardware stack levels used:    1
 Hardware stack levels required when called:    2
 This function calls:
		Nothing
 This function is called by:
		_initTMR1
 This function uses a non-reentrant model


 *************** function _initTMR0 *****************
 Defined at:
		line 4 in file "custom_timer.c"
 Parameters:    Size  Location     Type
		None
 Auto vars:     Size  Location     Type
		None
 Return value:  Size  Location     Type
                  1    wreg      void 
 Registers used:
		None
 Tracked objects:
		On entry : 
		On exit  : 
		Unchanged: 
 Data sizes:     COMRAM   BANK0   BANK1   BANK2   BANK3   BANK4   BANK5   BANK6   BANK7
      Params:         0       0       0       0       0       0       0       0       0
      Locals:         0       0       0       0       0       0       0       0       0
      Temps:          0       0       0       0       0       0       0       0       0
      Totals:         0       0       0       0       0       0       0       0       0
Total ram usage:        0 bytes
 Hardware stack levels used:    1
 Hardware stack levels required when called:    2
 This function calls:
		Nothing
 This function is called by:
		_main
 This function uses a non-reentrant model


 *************** function _initPWM *****************
 Defined at:
		line 110 in file "main.c"
 Parameters:    Size  Location     Type
		None
 Auto vars:     Size  Location     Type
		None
 Return value:  Size  Location     Type
                  1    wreg      void 
 Registers used:
		wreg, status,2
 Tracked objects:
		On entry : 
		On exit  : 
		Unchanged: 
 Data sizes:     COMRAM   BANK0   BANK1   BANK2   BANK3   BANK4   BANK5   BANK6   BANK7
      Params:         0       0       0       0       0       0       0       0       0
      Locals:         0       0       0       0       0       0       0       0       0
      Temps:          0       0       0       0       0       0       0       0       0
      Totals:         0       0       0       0       0       0       0       0       0
Total ram usage:        0 bytes
 Hardware stack levels used:    1
 Hardware stack levels required when called:    2
 This function calls:
		Nothing
 This function is called by:
		_main
 This function uses a non-reentrant model


 *************** function _initOscillator *****************
 Defined at:
		line 98 in file "main.c"
 Parameters:    Size  Location     Type
		None
 Auto vars:     Size  Location     Type
		None
 Return value:  Size  Location     Type
                  1    wreg      void 
 Registers used:
		wreg, status,2
 Tracked objects:
		On entry : 
		On exit  : 
		Unchanged: 
 Data sizes:     COMRAM   BANK0   BANK1   BANK2   BANK3   BANK4   BANK5   BANK6   BANK7
      Params:         0       0       0       0       0       0       0       0       0
      Locals:         0       0       0       0       0       0       0       0       0
      Temps:          0       0       0       0       0       0       0       0       0
      Totals:         0       0       0       0       0       0       0       0       0
Total ram usage:        0 bytes
 Hardware stack levels used:    1
 Hardware stack levels required when called:    2
 This function calls:
		Nothing
 This function is called by:
		_main
 This function uses a non-reentrant model


 *************** function _initLedPorts *****************
 Defined at:
		line 88 in file "main.c"
 Parameters:    Size  Location     Type
		None
 Auto vars:     Size  Location     Type
		None
 Return value:  Size  Location     Type
                  1    wreg      void 
 Registers used:
		None
 Tracked objects:
		On entry : 
		On exit  : 
		Unchanged: 
 Data sizes:     COMRAM   BANK0   BANK1   BANK2   BANK3   BANK4   BANK5   BANK6   BANK7
      Params:         0       0       0       0       0       0       0       0       0
      Locals:         0       0       0       0       0       0       0       0       0
      Temps:          0       0       0       0       0       0       0       0       0
      Totals:         0       0       0       0       0       0       0       0       0
Total ram usage:        0 bytes
 Hardware stack levels used:    1
 Hardware stack levels required when called:    2
 This function calls:
		Nothing
 This function is called by:
		_main
 This function uses a non-reentrant model


 *************** function _initADCON *****************
 Defined at:
		line 65 in file "main.c"
 Parameters:    Size  Location     Type
		None
 Auto vars:     Size  Location     Type
		None
 Return value:  Size  Location     Type
                  1    wreg      void 
 Registers used:
		wreg, status,2
 Tracked objects:
		On entry : 
		On exit  : 
		Unchanged: 
 Data sizes:     COMRAM   BANK0   BANK1   BANK2   BANK3   BANK4   BANK5   BANK6   BANK7
      Params:         0       0       0       0       0       0       0       0       0
      Locals:         0       0       0       0       0       0       0       0       0
      Temps:          0       0       0       0       0       0       0       0       0
      Totals:         0       0       0       0       0       0       0       0       0
Total ram usage:        0 bytes
 Hardware stack levels used:    1
 Hardware stack levels required when called:    2
 This function calls:
		Nothing
 This function is called by:
		_main
 This function uses a non-reentrant model


 *************** function _interrupt_service_routine *****************
 Defined at:
		line 164 in file "main.c"
 Parameters:    Size  Location     Type
		None
 Auto vars:     Size  Location     Type
  sensor1_val     2   18[COMRAM] int 
 Return value:  Size  Location     Type
                  1    wreg      void 
 Registers used:
		wreg, status,2, status,0, cstack
 Tracked objects:
		On entry : 
		On exit  : 
		Unchanged: 
 Data sizes:     COMRAM   BANK0   BANK1   BANK2   BANK3   BANK4   BANK5   BANK6   BANK7
      Params:         0       0       0       0       0       0       0       0       0
      Locals:         2       0       0       0       0       0       0       0       0
      Temps:         18       0       0       0       0       0       0       0       0
      Totals:        20       0       0       0       0       0       0       0       0
Total ram usage:       20 bytes
 Hardware stack levels used:    1
 Hardware stack levels required when called:    1
 This function calls:
		_startADC
		_startPWM
		_startTimer1
		_stopPWM
		_stopTimer1
		i2_startTMR0For1kHz
 This function is called by:
		Interrupt level 2
 This function uses a non-reentrant model


 *************** function i2_startTMR0For1kHz *****************
 Defined at:
		line 12 in file "custom_timer.c"
 Parameters:    Size  Location     Type
		None
 Auto vars:     Size  Location     Type
		None
 Return value:  Size  Location     Type
                  1    wreg      void 
 Registers used:
		wreg, status,2
 Tracked objects:
		On entry : 
		On exit  : 
		Unchanged: 
 Data sizes:     COMRAM   BANK0   BANK1   BANK2   BANK3   BANK4   BANK5   BANK6   BANK7
      Params:         0       0       0       0       0       0       0       0       0
      Locals:         0       0       0       0       0       0       0       0       0
      Temps:          0       0       0       0       0       0       0       0       0
      Totals:         0       0       0       0       0       0       0       0       0
Total ram usage:        0 bytes
 Hardware stack levels used:    1
 This function calls:
		Nothing
 This function is called by:
		_interrupt_service_routine
 This function uses a non-reentrant model


 *************** function _stopTimer1 *****************
 Defined at:
		line 155 in file "main.c"
 Parameters:    Size  Location     Type
		None
 Auto vars:     Size  Location     Type
		None
 Return value:  Size  Location     Type
                  1    wreg      void 
 Registers used:
		wreg, status,2
 Tracked objects:
		On entry : 
		On exit  : 
		Unchanged: 
 Data sizes:     COMRAM   BANK0   BANK1   BANK2   BANK3   BANK4   BANK5   BANK6   BANK7
      Params:         0       0       0       0       0       0       0       0       0
      Locals:         0       0       0       0       0       0       0       0       0
      Temps:          0       0       0       0       0       0       0       0       0
      Totals:         0       0       0       0       0       0       0       0       0
Total ram usage:        0 bytes
 Hardware stack levels used:    1
 This function calls:
		Nothing
 This function is called by:
		_interrupt_service_routine
 This function uses a non-reentrant model


 *************** function _stopPWM *****************
 Defined at:
		line 127 in file "main.c"
 Parameters:    Size  Location     Type
		None
 Auto vars:     Size  Location     Type
		None
 Return value:  Size  Location     Type
                  1    wreg      void 
 Registers used:
		None
 Tracked objects:
		On entry : 
		On exit  : 
		Unchanged: 
 Data sizes:     COMRAM   BANK0   BANK1   BANK2   BANK3   BANK4   BANK5   BANK6   BANK7
      Params:         0       0       0       0       0       0       0       0       0
      Locals:         0       0       0       0       0       0       0       0       0
      Temps:          0       0       0       0       0       0       0       0       0
      Totals:         0       0       0       0       0       0       0       0       0
Total ram usage:        0 bytes
 Hardware stack levels used:    1
 This function calls:
		Nothing
 This function is called by:
		_interrupt_service_routine
 This function uses a non-reentrant model


 *************** function _startTimer1 *****************
 Defined at:
		line 150 in file "main.c"
 Parameters:    Size  Location     Type
		None
 Auto vars:     Size  Location     Type
		None
 Return value:  Size  Location     Type
                  1    wreg      void 
 Registers used:
		None
 Tracked objects:
		On entry : 
		On exit  : 
		Unchanged: 
 Data sizes:     COMRAM   BANK0   BANK1   BANK2   BANK3   BANK4   BANK5   BANK6   BANK7
      Params:         0       0       0       0       0       0       0       0       0
      Locals:         0       0       0       0       0       0       0       0       0
      Temps:          0       0       0       0       0       0       0       0       0
      Totals:         0       0       0       0       0       0       0       0       0
Total ram usage:        0 bytes
 Hardware stack levels used:    1
 This function calls:
		Nothing
 This function is called by:
		_interrupt_service_routine
 This function uses a non-reentrant model


 *************** function _startPWM *****************
 Defined at:
		line 121 in file "main.c"
 Parameters:    Size  Location     Type
		None
 Auto vars:     Size  Location     Type
		None
 Return value:  Size  Location     Type
                  1    wreg      void 
 Registers used:
		None
 Tracked objects:
		On entry : 
		On exit  : 
		Unchanged: 
 Data sizes:     COMRAM   BANK0   BANK1   BANK2   BANK3   BANK4   BANK5   BANK6   BANK7
      Params:         0       0       0       0       0       0       0       0       0
      Locals:         0       0       0       0       0       0       0       0       0
      Temps:          0       0       0       0       0       0       0       0       0
      Totals:         0       0       0       0       0       0       0       0       0
Total ram usage:        0 bytes
 Hardware stack levels used:    1
 This function calls:
		Nothing
 This function is called by:
		_interrupt_service_routine
 This function uses a non-reentrant model


 *************** function _startADC *****************
 Defined at:
		line 106 in file "main.c"
 Parameters:    Size  Location     Type
		None
 Auto vars:     Size  Location     Type
		None
 Return value:  Size  Location     Type
                  1    wreg      void 
 Registers used:
		None
 Tracked objects:
		On entry : 
		On exit  : 
		Unchanged: 
 Data sizes:     COMRAM   BANK0   BANK1   BANK2   BANK3   BANK4   BANK5   BANK6   BANK7
      Params:         0       0       0       0       0       0       0       0       0
      Locals:         0       0       0       0       0       0       0       0       0
      Temps:          0       0       0       0       0       0       0       0       0
      Totals:         0       0       0       0       0       0       0       0       0
Total ram usage:        0 bytes
 Hardware stack levels used:    1
 This function calls:
		Nothing
 This function is called by:
		_interrupt_service_routine
 This function uses a non-reentrant model



MODULE INFORMATION

Module		Function		Class		Link	Load	Size
C:\Program Files (x86)\Microchip\xc8\v1.36\sources\pic18\plib\USART\u1write.c
		_Write1USART   		CODE           	0322	0000	19

C:\Program Files (x86)\Microchip\xc8\v1.36\sources\pic18\plib\USART\u1write.c estimated size: 19

C:\Program Files (x86)\Microchip\xc8\v1.36\sources\pic18\plib\Timers\t1open.c
		_OpenTimer1    		CODE           	022A	0000	63

C:\Program Files (x86)\Microchip\xc8\v1.36\sources\pic18\plib\Timers\t1open.c estimated size: 63

protocol.c
		_initUART      		CODE           	02F2	0000	25
		_send_coord    		CODE           	02D2	0000	33
		_putc_when_ready		CODE           	0366	0000	15

protocol.c estimated size: 73

shared
		__initialization		CODE           	029E	0000	43
		i2_startTMR0For1kHz		CODE           	0356	0000	17

shared estimated size: 60

custom_timer.c
		_initTMR0      		CODE           	038C	0000	11
		_startTMR0For1kHz		CODE           	0346	0000	17

custom_timer.c estimated size: 28

main.c
		_startPWM      		CODE           	03A6	0000	7
		_main          		CODE           	01A4	0000	135
		_initTMR1      		CODE           	0374	0000	13
		_interrupt_service_routine		CODE           	0008	0000	409
		_initOscillator		CODE           	0334	0000	19
		_initPWM       		CODE           	030A	0000	25
		_initADCON     		CODE           	0268	0000	55
		_initLedPorts  		CODE           	0396	0000	11
		_stopTimer1    		CODE           	0380	0000	13
		_stopPWM       		CODE           	03A0	0000	7
		_startADC      		CODE           	03B0	0000	5
		_startTimer1   		CODE           	03AC	0000	5

main.c estimated size: 704

